{
  "message": "Value of `maxAge` on @cacheControl directive can not be negative.",
  "extensions": {}
}

